WARNING: All log messages before absl::InitializeLog() is called are written to STDERR
I0000 00:00:1788523768.454756   25324 port.cc:153] oneDNN custom operations are on. You may see slightly different numerical results due to floating-point round-off errors from different computation orders. To turn them off, set the environment variable `TF_ENABLE_ONEDNN_OPTS=0`.
WARNING: All log messages before absl::InitializeLog() is called are written to STDERR
I0000 00:00:1788523774.228178   25324 port.cc:153] oneDNN custom operations are on. You may see slightly different numerical results due to floating-point round-off errors from different computation orders. To turn them off, set the environment variable `TF_ENABLE_ONEDNN_OPTS=0`.
I0000 00:00:1788523776.383877   25324 cpu_feature_guard.cc:227] This TensorFlow binary is optimized to use available CPU instructions in performance-critical operations.
To enable the following instructions: SSE3 SSE4.1 SSE4.2 AVX AVX2 FMA, in other operations, rebuild TensorFlow with the appropriate compiler flags.
WARNING:tensorflow:TensorFlow GPU support is not available on native Windows for TensorFlow >= 2.11. Even if CUDA/cuDNN are installed, GPU will not be used. Please use WSL2 or the TensorFlow-DirectML plugin.

======================================================================
  STEP 1: Loading the corridor CO2 series
======================================================================
  1,461 days  2022-01-01 -> 2025-12-31
  CO2/day: mean 425.2 t   min 128.2   max 549.5

======================================================================
  STEP 2: Features
======================================================================
  usable rows after lags: 1,433   features: 15
  42 origins, h=7d  ->  294 scored days (20.5%)
  first origin 2025-03-13   last 2025-12-25

======================================================================
  STEP 3: Rolling-origin evaluation (42 origins, h=7d)
======================================================================
  origin 1/42  train=1139d  predict 2025-03-13 -> 2025-03-19
  origin 10/42  train=1202d  predict 2025-05-15 -> 2025-05-21
  origin 20/42  train=1272d  predict 2025-07-24 -> 2025-07-30
  origin 30/42  train=1342d  predict 2025-10-02 -> 2025-10-08
  origin 40/42  train=1412d  predict 2025-12-11 -> 2025-12-17

======================================================================
  STEP 4: Results
======================================================================

  Evaluated on 294 days

        model    mape   wmape     rmse     mae   mase      r2
   Polynomial  8.3026  6.6729  46.6020 29.2669 0.8044  0.6718
          GBR  8.0679  6.8274  48.4618 29.9442 0.8230  0.6451
         LSTM 10.1587  7.8576  57.1529 34.4629 0.9472  0.5064
SeasonalNaive 20.8349 15.9975 103.1667 70.1639 1.9284 -0.6084
  Climatology 22.1169 19.2312 100.5122 84.3466 2.3182 -0.5267

  Baseline to beat: 16.00% WMAPE (SeasonalNaive)

  VERDICT
    Polynomial   MAPE   8.30%  WMAPE   6.67%  MASE 0.804  accepted
    GBR          MAPE   8.07%  WMAPE   6.83%  MASE 0.823  accepted
    LSTM         MAPE  10.16%  WMAPE   7.86%  MASE 0.947  accepted

  failed origins: {'GBR': 0, 'Polynomial': 0, 'LSTM': 0}

======================================================================
  STEP 5: Writing to AWS
======================================================================
  connection went idle during training - reconnecting
  ml_model_metrics: 5 rows under target='Corridor CO2'
  champion: Polynomial

======================================================================
  STEP 6: Writing the served forecast
======================================================================
  champion: Polynomial  (WMAPE 6.67%, MASE 0.804)
  future window 2026-01-01 .. 2026-01-07  mean 364.1 t/day
  ml_predictive_emissions: 1,139 PAST + 294 PRESENT + 7 FUTURE
  emissions_results.json written

======================================================================
  DONE
======================================================================
